Initialized native services in: /home/tung/.gradle/native
Initialized jansi services in: /home/tung/.gradle/native
The client will now receive all logging from the daemon (pid: 367259). The daemon log file: /home/tung/.gradle/daemon/8.14.3/daemon-367259.out.log
Starting 6th build in daemon [uptime: 3 mins 50.182 secs, performance: 100%, GC rate: 0.00/s, heap usage: 0% of 1 GiB]
Using 16 worker leases.
Configuration on demand is an incubating feature.
Now considering [/home/tung/Plant_vs_Zombie] as hierarchies to watch
Watching the file system is configured to be enabled if available
File system watching is active
Starting Build
Resolved plugin [id: 'org.gradle.toolchains.foojay-resolver-convention', version: '0.9.0']
Settings evaluated using settings file '/home/tung/Plant_vs_Zombie/settings.gradle'.
Using local directory build cache for the root build (location = /home/tung/.gradle/caches/build-cache-1, remove unused entries = after 7 days).
Projects loaded. Root project using build file '/home/tung/Plant_vs_Zombie/build.gradle'.
Included projects: [root project 'Plant_vs_Zombie', project ':core', project ':lwjgl3']
Task path 'lwjgl3:run' matched project ':lwjgl3'

> Configure project :
Evaluating root project 'Plant_vs_Zombie' using build file '/home/tung/Plant_vs_Zombie/build.gradle'.

> Configure project :core
Evaluating project ':core' using build file '/home/tung/Plant_vs_Zombie/core/build.gradle'.

> Configure project :lwjgl3
Evaluating project ':lwjgl3' using build file '/home/tung/Plant_vs_Zombie/lwjgl3/build.gradle'.
Resolved plugin [id: 'application']
Task name matched 'run'
Selected primary task 'run' from project :lwjgl3
All projects evaluated.
Tasks to be executed: [task ':core:compileJava', task ':core:generateAssetList', task ':core:processResources', task ':core:classes', task ':core:jar', task ':lwjgl3:compileJava', task ':lwjgl3:generateAssetList', task ':lwjgl3:processResources', task ':lwjgl3:classes', task ':lwjgl3:run']
Tasks that were excluded: []
Resolve mutations for :core:compileJava (Thread[Execution worker,5,main]) started.
Resolve mutations for :lwjgl3:generateAssetList (Thread[Execution worker Thread 2,5,main]) started.
:lwjgl3:generateAssetList (Thread[Execution worker Thread 2,5,main]) started.
:core:compileJava (Thread[Execution worker Thread 9,5,main]) started.

> Task :lwjgl3:generateAssetList UP-TO-DATE
Skipping task ':lwjgl3:generateAssetList' as it has no actions.
Resolve mutations for :lwjgl3:processResources (Thread[Execution worker Thread 2,5,main]) started.
:lwjgl3:processResources (Thread[Execution worker Thread 2,5,main]) started.

> Task :lwjgl3:processResources UP-TO-DATE
Caching disabled for task ':lwjgl3:processResources' because:
  Not worth caching
Skipping task ':lwjgl3:processResources' as it is up-to-date.

> Task :core:compileJava UP-TO-DATE
Build cache key for task ':core:compileJava' is a736a567700931b92895b4688e6e18cf
Skipping task ':core:compileJava' as it is up-to-date.
work action resolve main (project :core) (Thread[Execution worker Thread 9,5,main]) started.
Resolve mutations for :core:generateAssetList (Thread[Execution worker Thread 9,5,main]) started.
Resolve mutations for :lwjgl3:compileJava (Thread[Execution worker Thread 5,5,main]) started.
:core:generateAssetList (Thread[Execution worker Thread 9,5,main]) started.

> Task :core:generateAssetList UP-TO-DATE
Skipping task ':core:generateAssetList' as it has no actions.
Resolve mutations for :core:processResources (Thread[Execution worker Thread 9,5,main]) started.
:lwjgl3:compileJava (Thread[Execution worker Thread 5,5,main]) started.
:core:processResources (Thread[Execution worker Thread 9,5,main]) started.

> Task :core:processResources NO-SOURCE
Skipping task ':core:processResources' as it has no source files and no previous output files.
Resolve mutations for :core:classes (Thread[Execution worker Thread 9,5,main]) started.
:core:classes (Thread[Execution worker Thread 9,5,main]) started.

> Task :core:classes UP-TO-DATE
Skipping task ':core:classes' as it has no actions.
Resolve mutations for :core:jar (Thread[Execution worker Thread 9,5,main]) started.
:core:jar (Thread[Execution worker Thread 9,5,main]) started.

> Task :core:jar UP-TO-DATE
Caching disabled for task ':core:jar' because:
  Not worth caching
Skipping task ':core:jar' as it is up-to-date.
work action resolve core-1.0.0.jar (project :core) (Thread[Execution worker Thread 9,5,main]) started.

> Task :lwjgl3:compileJava UP-TO-DATE
Build cache key for task ':lwjgl3:compileJava' is d144b7f43905b1c50cd304baab39e17f
Skipping task ':lwjgl3:compileJava' as it is up-to-date.
Resolve mutations for :lwjgl3:classes (Thread[Execution worker Thread 5,5,main]) started.
:lwjgl3:classes (Thread[Execution worker Thread 14,5,main]) started.

> Task :lwjgl3:classes UP-TO-DATE
Skipping task ':lwjgl3:classes' as it has no actions.
Resolve mutations for :lwjgl3:run (Thread[Execution worker Thread 14,5,main]) started.
:lwjgl3:run (Thread[Execution worker Thread 14,5,main]) started.

> Task :lwjgl3:run FAILED
Caching disabled for task ':lwjgl3:run' because:
  Gradle would require more information to cache this task
Task ':lwjgl3:run' is not up-to-date because:
  Task has not declared any outputs despite executing actions.
Starting process 'command '/home/tung/.gradle/jdks/eclipse_adoptium-17-amd64-linux.2/bin/java''. Working directory: /home/tung/Plant_vs_Zombie/assets Command: /home/tung/.gradle/jdks/eclipse_adoptium-17-amd64-linux.2/bin/java -Dfile.encoding=UTF-8 -Duser.country=US -Duser.language=en -Duser.variant -cp /home/tung/Plant_vs_Zombie/lwjgl3/build/classes/java/main:/home/tung/Plant_vs_Zombie/lwjgl3/build/resources/main:/home/tung/.gradle/caches/modules-2/files-2.1/com.badlogicgames.gdx/gdx-backend-lwjgl3/1.13.1/c8d8f1c3ccd17fe2202a1d581e179c4ba0ccc45d/gdx-backend-lwjgl3-1.13.1.jar:/home/tung/.gradle/caches/modules-2/files-2.1/com.badlogicgames.gdx/gdx-box2d-platform/1.13.1/a85f4f624bdc6f41b1f3f2f541c76d989e5b30a1/gdx-box2d-platform-1.13.1-natives-desktop.jar:/home/tung/.gradle/caches/modules-2/files-2.1/com.badlogicgames.gdx/gdx-freetype-platform/1.13.1/7e81d0eb330b7bbbb307cd1a0dc2648648b42b94/gdx-freetype-platform-1.13.1-natives-desktop.jar:/home/tung/.gradle/caches/modules-2/files-2.1/com.badlogicgames.gdx/gdx-platform/1.13.1/8493b7d917097a6d091db2554bf0056881f96738/gdx-platform-1.13.1-natives-desktop.jar:/home/tung/Plant_vs_Zombie/core/build/libs/core-1.0.0.jar:/home/tung/.gradle/caches/modules-2/files-2.1/com.badlogicgames.gdx/gdx-box2d/1.13.1/5280c502b07d6e3a37bdd0460ad660f9e1c583c0/gdx-box2d-1.13.1.jar:/home/tung/.gradle/caches/modules-2/files-2.1/com.badlogicgames.gdx/gdx-freetype/1.13.1/a386c9b7a10b28f91b2de47f66b12c23a2c3abc2/gdx-freetype-1.13.1.jar:/home/tung/.gradle/caches/modules-2/files-2.1/com.github.lyze237/gdx-UnBox2D/da1ce30edb/5c9800e035664374981b49345ac2a2e4c57c6e08/gdx-UnBox2D-da1ce30edb.jar:/home/tung/.gradle/caches/modules-2/files-2.1/com.github.tommyettinger/gand/0.3.3/946d406f34c83a89d93ca09698300d8b65caa03c/gand-0.3.3.jar:/home/tung/.gradle/caches/modules-2/files-2.1/com.github.tommyettinger/gdcrux/0.1.1/f075bdef591c5ec9041f3b5e8ec128bd89f125a0/gdcrux-0.1.1.jar:/home/tung/.gradle/caches/modules-2/files-2.1/space.earlygrey/shapedrawer/2.6.0/a37c5a0e481af62679c3270936b1a43119588f85/shapedrawer-2.6.0.jar:/home/tung/.gradle/caches/modules-2/files-2.1/org.aya-prover.gdx-box2d/box2d/1.3.0/7a812504cbb530056589f6714b0c3357a260b018/box2d-1.3.0.jar:/home/tung/.gradle/caches/modules-2/files-2.1/com.badlogicgames.gdx/gdx/1.13.1/734d9a5ca877bbce0c595dbdc3165fe6a22b7a30/gdx-1.13.1.jar:/home/tung/.gradle/caches/modules-2/files-2.1/org.lwjgl/lwjgl-glfw/3.3.3/efa1eb78c5ccd840e9f329717109b5e892d72f8e/lwjgl-glfw-3.3.3.jar:/home/tung/.gradle/caches/modules-2/files-2.1/org.lwjgl/lwjgl-glfw/3.3.3/a03684c5e4b1b1dbbe0d29dbbdc27b985b6840f2/lwjgl-glfw-3.3.3-natives-linux.jar:/home/tung/.gradle/caches/modules-2/files-2.1/org.lwjgl/lwjgl-glfw/3.3.3/d9af485c32545b37dd5359b163161d42d7534dcf/lwjgl-glfw-3.3.3-natives-linux-arm32.jar:/home/tung/.gradle/caches/modules-2/files-2.1/org.lwjgl/lwjgl-glfw/3.3.3/492a0f11f85b85899a6568f07511160c1b87cd38/lwjgl-glfw-3.3.3-natives-linux-arm64.jar:/home/tung/.gradle/caches/modules-2/files-2.1/org.lwjgl/lwjgl-glfw/3.3.3/a1bf400f6bc64e6195596cb1430dafda46090751/lwjgl-glfw-3.3.3-natives-macos.jar:/home/tung/.gradle/caches/modules-2/files-2.1/org.lwjgl/lwjgl-glfw/3.3.3/ee8cc78d0a4a5b3b4600fade6d927c9fc320c858/lwjgl-glfw-3.3.3-natives-macos-arm64.jar:/home/tung/.gradle/caches/modules-2/files-2.1/org.lwjgl/lwjgl-glfw/3.3.3/e449e28b4891fc423c54c85fbc5bb0b9efece67a/lwjgl-glfw-3.3.3-natives-windows.jar:/home/tung/.gradle/caches/modules-2/files-2.1/org.lwjgl/lwjgl-glfw/3.3.3/32334f3fd5270a59bad9939a93115acb6de36dcf/lwjgl-glfw-3.3.3-natives-windows-x86.jar:/home/tung/.gradle/caches/modules-2/files-2.1/org.lwjgl/lwjgl-jemalloc/3.3.3/b543467b7ff3c6920539a88ee602d34098628be5/lwjgl-jemalloc-3.3.3.jar:/home/tung/.gradle/caches/modules-2/files-2.1/org.lwjgl/lwjgl-jemalloc/3.3.3/4f86728bf449b1dd61251c4e0ac01df1389cb51e/lwjgl-jemalloc-3.3.3-natives-linux.jar:/home/tung/.gradle/caches/modules-2/files-2.1/org.lwjgl/lwjgl-jemalloc/3.3.3/109b6931880d02d4e65ced38928a16e41d19873e/lwjgl-jemalloc-3.3.3-natives-linux-arm32.jar:/home/tung/.gradle/caches/modules-2/files-2.1/org.lwjgl/lwjgl-jemalloc/3.3.3/eff8b86798191192fe2cba2dc2776109f30c239d/lwjgl-jemalloc-3.3.3-natives-linux-arm64.jar:/home/tung/.gradle/caches/modules-2/files-2.1/org.lwjgl/lwjgl-jemalloc/3.3.3/2906637657a57579847238c9c72d2c4bde7083f8/lwjgl-jemalloc-3.3.3-natives-macos.jar:/home/tung/.gradle/caches/modules-2/files-2.1/org.lwjgl/lwjgl-jemalloc/3.3.3/e9412c3ff8cb3a3bad1d3f52909ad74d8a5bdad1/lwjgl-jemalloc-3.3.3-natives-macos-arm64.jar:/home/tung/.gradle/caches/modules-2/files-2.1/org.lwjgl/lwjgl-jemalloc/3.3.3/426222fc027602a5f21b9c0fe79cde6a4c7a011f/lwjgl-jemalloc-3.3.3-natives-windows.jar:/home/tung/.gradle/caches/modules-2/files-2.1/org.lwjgl/lwjgl-jemalloc/3.3.3/f6063b6e0f23be483c5c88d84ce51b39dc69126c/lwjgl-jemalloc-3.3.3-natives-windows-x86.jar:/home/tung/.gradle/caches/modules-2/files-2.1/org.lwjgl/lwjgl-openal/3.3.3/daada81ceb5fc0c291fbfdd4433cb8d9423577f2/lwjgl-openal-3.3.3.jar:/home/tung/.gradle/caches/modules-2/files-2.1/org.lwjgl/lwjgl-openal/3.3.3/3037360cc4595079bea240af250b6d1a527e0905/lwjgl-openal-3.3.3-natives-linux.jar:/home/tung/.gradle/caches/modules-2/files-2.1/org.lwjgl/lwjgl-openal/3.3.3/e1702aa09d20359d6cf5cb2999fa7685a785eca7/lwjgl-openal-3.3.3-natives-linux-arm32.jar:/home/tung/.gradle/caches/modules-2/files-2.1/org.lwjgl/lwjgl-openal/3.3.3/ad8f302118a65bb8d615f8a2a680db58fb8f835e/lwjgl-openal-3.3.3-natives-linux-arm64.jar:/home/tung/.gradle/caches/modules-2/files-2.1/org.lwjgl/lwjgl-openal/3.3.3/8df8338bfa77f2ebabef4e58964bd04d24805cbf/lwjgl-openal-3.3.3-natives-macos.jar:/home/tung/.gradle/caches/modules-2/files-2.1/org.lwjgl/lwjgl-openal/3.3.3/c78b078de2fb52f45aa55d04db889a560f3544f/lwjgl-openal-3.3.3-natives-macos-arm64.jar:/home/tung/.gradle/caches/modules-2/files-2.1/org.lwjgl/lwjgl-openal/3.3.3/cf83862ae95d98496b26915024c7e666d8ab1c8f/lwjgl-openal-3.3.3-natives-windows.jar:/home/tung/.gradle/caches/modules-2/files-2.1/org.lwjgl/lwjgl-openal/3.3.3/87b8d5050e3adb46bb58fe1cb2669a4a48fce10d/lwjgl-openal-3.3.3-natives-windows-x86.jar:/home/tung/.gradle/caches/modules-2/files-2.1/org.lwjgl/lwjgl-opengl/3.3.3/2f6b0147078396a58979125a4c947664e98293a/lwjgl-opengl-3.3.3.jar:/home/tung/.gradle/caches/modules-2/files-2.1/org.lwjgl/lwjgl-opengl/3.3.3/62c70a4b00ca5391882b0f4b787c1588d24f1c86/lwjgl-opengl-3.3.3-natives-linux.jar:/home/tung/.gradle/caches/modules-2/files-2.1/org.lwjgl/lwjgl-opengl/3.3.3/dbba17fc5ac0985d14a57c11f9537617d67b9952/lwjgl-opengl-3.3.3-natives-linux-arm32.jar:/home/tung/.gradle/caches/modules-2/files-2.1/org.lwjgl/lwjgl-opengl/3.3.3/2096f6b94b2d68745d858fbfe53aacf5f0c8074c/lwjgl-opengl-3.3.3-natives-linux-arm64.jar:/home/tung/.gradle/caches/modules-2/files-2.1/org.lwjgl/lwjgl-opengl/3.3.3/1bd45997551ae8a28469f3a2b678f4b7289e12c0/lwjgl-opengl-3.3.3-natives-macos.jar:/home/tung/.gradle/caches/modules-2/files-2.1/org.lwjgl/lwjgl-opengl/3.3.3/d213ddef27637b1af87961ffa94d6b27036becc8/lwjgl-opengl-3.3.3-natives-macos-arm64.jar:/home/tung/.gradle/caches/modules-2/files-2.1/org.lwjgl/lwjgl-opengl/3.3.3/e6c1eec8be8a71951b830a4d69efc01c6531900c/lwjgl-opengl-3.3.3-natives-windows.jar:/home/tung/.gradle/caches/modules-2/files-2.1/org.lwjgl/lwjgl-opengl/3.3.3/d32d833dcaa2f355a886eaf21f0408b5f03241d/lwjgl-opengl-3.3.3-natives-windows-x86.jar:/home/tung/.gradle/caches/modules-2/files-2.1/org.lwjgl/lwjgl-stb/3.3.3/25dd6161988d7e65f71d5065c99902402ee32746/lwjgl-stb-3.3.3.jar:/home/tung/.gradle/caches/modules-2/files-2.1/org.lwjgl/lwjgl-stb/3.3.3/fd1271ccd9d85eff2fa31f3fd543e02ccfaf5041/lwjgl-stb-3.3.3-natives-linux.jar:/home/tung/.gradle/caches/modules-2/files-2.1/org.lwjgl/lwjgl-stb/3.3.3/1ae28ff044699ff29b0e980ffabd73fba8a664b3/lwjgl-stb-3.3.3-natives-linux-arm32.jar:/home/tung/.gradle/caches/modules-2/files-2.1/org.lwjgl/lwjgl-stb/3.3.3/ddc177afc2be1ee8d93684b11363b80589a13fe1/lwjgl-stb-3.3.3-natives-linux-arm64.jar:/home/tung/.gradle/caches/modules-2/files-2.1/org.lwjgl/lwjgl-stb/3.3.3/472792c98fb2c1557c060cb9da5fca6a9773621f/lwjgl-stb-3.3.3-natives-macos.jar:/home/tung/.gradle/caches/modules-2/files-2.1/org.lwjgl/lwjgl-stb/3.3.3/51c6955571fbcdb7bb538c6aa589b953b584c6af/lwjgl-stb-3.3.3-natives-macos-arm64.jar:/home/tung/.gradle/caches/modules-2/files-2.1/org.lwjgl/lwjgl-stb/3.3.3/1d9facdf6541de114b0f963be33505b7679c78cb/lwjgl-stb-3.3.3-natives-windows.jar:/home/tung/.gradle/caches/modules-2/files-2.1/org.lwjgl/lwjgl-stb/3.3.3/b5c874687b9aac1a936501d4ed2c49567fd1b575/lwjgl-stb-3.3.3-natives-windows-x86.jar:/home/tung/.gradle/caches/modules-2/files-2.1/org.lwjgl/lwjgl/3.3.3/29589b5f87ed335a6c7e7ee6a5775f81f97ecb84/lwjgl-3.3.3.jar:/home/tung/.gradle/caches/modules-2/files-2.1/org.lwjgl/lwjgl/3.3.3/1713758e3660ba66e1e954396fd18126038b33c0/lwjgl-3.3.3-natives-linux.jar:/home/tung/.gradle/caches/modules-2/files-2.1/org.lwjgl/lwjgl/3.3.3/2075c51a80f0ef0f22ba616ba54007ac2b0debd4/lwjgl-3.3.3-natives-linux-arm32.jar:/home/tung/.gradle/caches/modules-2/files-2.1/org.lwjgl/lwjgl/3.3.3/f35d8b6ffe1ac1e3a5eb1d4e33de80f044ad5fd8/lwjgl-3.3.3-natives-linux-arm64.jar:/home/tung/.gradle/caches/modules-2/files-2.1/org.lwjgl/lwjgl/3.3.3/33a6efa288390490ce6eb6c3df47ac21ecf648cf/lwjgl-3.3.3-natives-macos.jar:/home/tung/.gradle/caches/modules-2/files-2.1/org.lwjgl/lwjgl/3.3.3/226246e75f6bd8d4e1895bdce8638ef87808d114/lwjgl-3.3.3-natives-macos-arm64.jar:/home/tung/.gradle/caches/modules-2/files-2.1/org.lwjgl/lwjgl/3.3.3/a5ed18a2b82fc91b81f40d717cb1f64c9dcb0540/lwjgl-3.3.3-natives-windows.jar:/home/tung/.gradle/caches/modules-2/files-2.1/org.lwjgl/lwjgl/3.3.3/9e670718e050aeaeea0c2d5b907cffb142f2e58f/lwjgl-3.3.3-natives-windows-x86.jar:/home/tung/.gradle/caches/modules-2/files-2.1/com.badlogicgames.jlayer/jlayer/1.0.1-gdx/7cca83cec5c1b2f011362f4d85aabd71a73b049d/jlayer-1.0.1-gdx.jar:/home/tung/.gradle/caches/modules-2/files-2.1/org.jcraft/jorbis/0.0.17/8872d22b293e8f5d7d56ff92be966e6dc28ebdc6/jorbis-0.0.17.jar:/home/tung/.gradle/caches/modules-2/files-2.1/com.github.tommyettinger/crux/0.1.2/9ad264a50e51071c504fad7b16484cedba460bbb/crux-0.1.2.jar:/home/tung/.gradle/caches/modules-2/files-2.1/com.github.tommyettinger/formic/0.1.5/f06e2a9ee3c095951fbbdc9801975ee40c3b93dc/formic-0.1.5.jar:/home/tung/.gradle/caches/modules-2/files-2.1/com.badlogicgames.gdx/gdx-jnigen-loader/2.5.2/f35e90affe07c46b4f5e5958a1a4c1820c4890e2/gdx-jnigen-loader-2.5.2.jar:/home/tung/.gradle/caches/modules-2/files-2.1/com.google.elemental2/elemental2-dom/1.2.1/90511037dcae893d44e04cebb60a5298bb386fb4/elemental2-dom-1.2.1.jar:/home/tung/.gradle/caches/modules-2/files-2.1/com.google.elemental2/elemental2-core/1.2.1/9ebcf905d713854dd4963dca13bbf2df0d36ea4/elemental2-core-1.2.1.jar:/home/tung/.gradle/caches/modules-2/files-2.1/com.google.elemental2/elemental2-promise/1.2.1/47e5ce582eab61a9e52ab9628057389f91a1885c/elemental2-promise-1.2.1.jar:/home/tung/.gradle/caches/modules-2/files-2.1/com.google.jsinterop/base/1.0.1/14003b013746b85f9565a2526858348985faf946/base-1.0.1.jar:/home/tung/.gradle/caches/modules-2/files-2.1/com.google.jsinterop/jsinterop-annotations/2.0.2/e63234bafbebdbceac51b4d029fc8f1fa6f490fa/jsinterop-annotations-2.0.2.jar pvz.com.lwjgl3.Lwjgl3Launcher
Successfully started process 'command '/home/tung/.gradle/jdks/eclipse_adoptium-17-amd64-linux.2/bin/java''
[W][18:39:46.931890] pw.conf      | [          conf.c: 1204 pw_conf_load_conf_for_context()] setting config.name to client-rt.conf is deprecated, using client.conf
[BackgroundManager] Không load được background: assets/images/backgrounds/count_bg.jpeg
com.badlogic.gdx.utils.GdxRuntimeException: Couldn't load file: assets/images/backgrounds/count_bg.jpeg
	at com.badlogic.gdx.graphics.Pixmap.<init>(Pixmap.java:190)
	at com.badlogic.gdx.graphics.TextureData$Factory.loadFromFile(TextureData.java:101)
	at com.badlogic.gdx.graphics.Texture.<init>(Texture.java:126)
	at com.badlogic.gdx.graphics.Texture.<init>(Texture.java:118)
	at pvz.com.managers.BackgroundManager.loadTexture(BackgroundManager.java:24)
	at pvz.com.managers.BackgroundManager.<init>(BackgroundManager.java:16)
	at pvz.com.screens.MainMenuScreen.<init>(MainMenuScreen.java:37)
	at pvz.com.Main.create(Main.java:11)
	at com.badlogic.gdx.backends.lwjgl3.Lwjgl3Window.initializeListener(Lwjgl3Window.java:464)
	at com.badlogic.gdx.backends.lwjgl3.Lwjgl3Window.update(Lwjgl3Window.java:402)
	at com.badlogic.gdx.backends.lwjgl3.Lwjgl3Application.loop(Lwjgl3Application.java:181)
	at com.badlogic.gdx.backends.lwjgl3.Lwjgl3Application.<init>(Lwjgl3Application.java:153)
	at pvz.com.lwjgl3.Lwjgl3Launcher.createApplication(Lwjgl3Launcher.java:15)
	at pvz.com.lwjgl3.Lwjgl3Launcher.main(Lwjgl3Launcher.java:11)
Caused by: com.badlogic.gdx.utils.GdxRuntimeException: File not found: assets/images/backgrounds/count_bg.jpeg (Internal)
	at com.badlogic.gdx.files.FileHandle.read(FileHandle.java:142)
	at com.badlogic.gdx.files.FileHandle.readBytes(FileHandle.java:228)
	at com.badlogic.gdx.graphics.Pixmap.<init>(Pixmap.java:187)
	... 13 more
[BackgroundManager] Không load được background: assets/images/backgrounds/menu_bg.png
com.badlogic.gdx.utils.GdxRuntimeException: Couldn't load file: assets/images/backgrounds/menu_bg.png
	at com.badlogic.gdx.graphics.Pixmap.<init>(Pixmap.java:190)
	at com.badlogic.gdx.graphics.TextureData$Factory.loadFromFile(TextureData.java:101)
	at com.badlogic.gdx.graphics.Texture.<init>(Texture.java:126)
	at com.badlogic.gdx.graphics.Texture.<init>(Texture.java:118)
	at pvz.com.managers.BackgroundManager.loadTexture(BackgroundManager.java:24)
	at pvz.com.managers.BackgroundManager.<init>(BackgroundManager.java:17)
	at pvz.com.screens.MainMenuScreen.<init>(MainMenuScreen.java:37)
	at pvz.com.Main.create(Main.java:11)
	at com.badlogic.gdx.backends.lwjgl3.Lwjgl3Window.initializeListener(Lwjgl3Window.java:464)
	at com.badlogic.gdx.backends.lwjgl3.Lwjgl3Window.update(Lwjgl3Window.java:402)
	at com.badlogic.gdx.backends.lwjgl3.Lwjgl3Application.loop(Lwjgl3Application.java:181)
	at com.badlogic.gdx.backends.lwjgl3.Lwjgl3Application.<init>(Lwjgl3Application.java:153)
	at pvz.com.lwjgl3.Lwjgl3Launcher.createApplication(Lwjgl3Launcher.java:15)
	at pvz.com.lwjgl3.Lwjgl3Launcher.main(Lwjgl3Launcher.java:11)
Caused by: com.badlogic.gdx.utils.GdxRuntimeException: File not found: assets/images/backgrounds/menu_bg.png (Internal)
	at com.badlogic.gdx.files.FileHandle.read(FileHandle.java:142)
	at com.badlogic.gdx.files.FileHandle.readBytes(FileHandle.java:228)
	at com.badlogic.gdx.graphics.Pixmap.<init>(Pixmap.java:187)
	... 13 more
[BackgroundManager] Không load được background: assets/images/backgrounds/main_bg.png
com.badlogic.gdx.utils.GdxRuntimeException: Couldn't load file: assets/images/backgrounds/main_bg.png
	at com.badlogic.gdx.graphics.Pixmap.<init>(Pixmap.java:190)
	at com.badlogic.gdx.graphics.TextureData$Factory.loadFromFile(TextureData.java:101)
	at com.badlogic.gdx.graphics.Texture.<init>(Texture.java:126)
	at com.badlogic.gdx.graphics.Texture.<init>(Texture.java:118)
	at pvz.com.managers.BackgroundManager.loadTexture(BackgroundManager.java:24)
	at pvz.com.managers.BackgroundManager.<init>(BackgroundManager.java:18)
	at pvz.com.screens.MainMenuScreen.<init>(MainMenuScreen.java:37)
	at pvz.com.Main.create(Main.java:11)
	at com.badlogic.gdx.backends.lwjgl3.Lwjgl3Window.initializeListener(Lwjgl3Window.java:464)
	at com.badlogic.gdx.backends.lwjgl3.Lwjgl3Window.update(Lwjgl3Window.java:402)
	at com.badlogic.gdx.backends.lwjgl3.Lwjgl3Application.loop(Lwjgl3Application.java:181)
	at com.badlogic.gdx.backends.lwjgl3.Lwjgl3Application.<init>(Lwjgl3Application.java:153)
	at pvz.com.lwjgl3.Lwjgl3Launcher.createApplication(Lwjgl3Launcher.java:15)
	at pvz.com.lwjgl3.Lwjgl3Launcher.main(Lwjgl3Launcher.java:11)
Caused by: com.badlogic.gdx.utils.GdxRuntimeException: File not found: assets/images/backgrounds/main_bg.png (Internal)
	at com.badlogic.gdx.files.FileHandle.read(FileHandle.java:142)
	at com.badlogic.gdx.files.FileHandle.readBytes(FileHandle.java:228)
	at com.badlogic.gdx.graphics.Pixmap.<init>(Pixmap.java:187)
	... 13 more
[BackgroundManager] Không load được background: assets/images/backgrounds/sub_bg.png
com.badlogic.gdx.utils.GdxRuntimeException: Couldn't load file: assets/images/backgrounds/sub_bg.png
	at com.badlogic.gdx.graphics.Pixmap.<init>(Pixmap.java:190)
	at com.badlogic.gdx.graphics.TextureData$Factory.loadFromFile(TextureData.java:101)
	at com.badlogic.gdx.graphics.Texture.<init>(Texture.java:126)
	at com.badlogic.gdx.graphics.Texture.<init>(Texture.java:118)
	at pvz.com.managers.BackgroundManager.loadTexture(BackgroundManager.java:24)
	at pvz.com.managers.BackgroundManager.<init>(BackgroundManager.java:19)
	at pvz.com.screens.MainMenuScreen.<init>(MainMenuScreen.java:37)
	at pvz.com.Main.create(Main.java:11)
	at com.badlogic.gdx.backends.lwjgl3.Lwjgl3Window.initializeListener(Lwjgl3Window.java:464)
	at com.badlogic.gdx.backends.lwjgl3.Lwjgl3Window.update(Lwjgl3Window.java:402)
	at com.badlogic.gdx.backends.lwjgl3.Lwjgl3Application.loop(Lwjgl3Application.java:181)
	at com.badlogic.gdx.backends.lwjgl3.Lwjgl3Application.<init>(Lwjgl3Application.java:153)
	at pvz.com.lwjgl3.Lwjgl3Launcher.createApplication(Lwjgl3Launcher.java:15)
	at pvz.com.lwjgl3.Lwjgl3Launcher.main(Lwjgl3Launcher.java:11)
Caused by: com.badlogic.gdx.utils.GdxRuntimeException: File not found: assets/images/backgrounds/sub_bg.png (Internal)
	at com.badlogic.gdx.files.FileHandle.read(FileHandle.java:142)
	at com.badlogic.gdx.files.FileHandle.readBytes(FileHandle.java:228)
	at com.badlogic.gdx.graphics.Pixmap.<init>(Pixmap.java:187)
	... 13 more
Exception in thread "main" com.badlogic.gdx.utils.GdxRuntimeException: Couldn't load file: assets/images/items/board.png
	at com.badlogic.gdx.graphics.Pixmap.<init>(Pixmap.java:190)
	at com.badlogic.gdx.graphics.TextureData$Factory.loadFromFile(TextureData.java:101)
	at com.badlogic.gdx.graphics.Texture.<init>(Texture.java:126)
	at com.badlogic.gdx.graphics.Texture.<init>(Texture.java:118)
	at com.badlogic.gdx.graphics.Texture.<init>(Texture.java:114)
	at pvz.com.screens.MainMenuScreen.createUI(MainMenuScreen.java:51)
	at pvz.com.screens.MainMenuScreen.<init>(MainMenuScreen.java:46)
	at pvz.com.Main.create(Main.java:11)
	at com.badlogic.gdx.backends.lwjgl3.Lwjgl3Window.initializeListener(Lwjgl3Window.java:464)
	at com.badlogic.gdx.backends.lwjgl3.Lwjgl3Window.update(Lwjgl3Window.java:402)
	at com.badlogic.gdx.backends.lwjgl3.Lwjgl3Application.loop(Lwjgl3Application.java:181)
	at com.badlogic.gdx.backends.lwjgl3.Lwjgl3Application.<init>(Lwjgl3Application.java:153)
	at pvz.com.lwjgl3.Lwjgl3Launcher.createApplication(Lwjgl3Launcher.java:15)
	at pvz.com.lwjgl3.Lwjgl3Launcher.main(Lwjgl3Launcher.java:11)
Caused by: com.badlogic.gdx.utils.GdxRuntimeException: File not found: assets/images/items/board.png (Internal)
	at com.badlogic.gdx.files.FileHandle.read(FileHandle.java:142)
	at com.badlogic.gdx.files.FileHandle.readBytes(FileHandle.java:228)
	at com.badlogic.gdx.graphics.Pixmap.<init>(Pixmap.java:187)
	... 13 more

[Incubating] Problems report is available at: file:///home/tung/Plant_vs_Zombie/build/reports/problems/problems-report.html

FAILURE: Build failed with an exception.

* What went wrong:
Execution failed for task ':lwjgl3:run'.
> Process 'command '/home/tung/.gradle/jdks/eclipse_adoptium-17-amd64-linux.2/bin/java'' finished with non-zero exit value 1

* Try:
> Run with --debug option to get more log output.
> Run with --scan to get full insights.
> Get more help at https://help.gradle.org.

* Exception is:
org.gradle.api.tasks.TaskExecutionException: Execution failed for task ':lwjgl3:run'.
	at org.gradle.api.internal.tasks.execution.ExecuteActionsTaskExecuter.lambda$executeIfValid$1(ExecuteActionsTaskExecuter.java:130)
	at org.gradle.internal.Try$Failure.ifSuccessfulOrElse(Try.java:293)
	at org.gradle.api.internal.tasks.execution.ExecuteActionsTaskExecuter.executeIfValid(ExecuteActionsTaskExecuter.java:128)
	at org.gradle.api.internal.tasks.execution.ExecuteActionsTaskExecuter.execute(ExecuteActionsTaskExecuter.java:116)
	at org.gradle.api.internal.tasks.execution.ProblemsTaskPathTrackingTaskExecuter.execute(ProblemsTaskPathTrackingTaskExecuter.java:41)
	at org.gradle.api.internal.tasks.execution.FinalizePropertiesTaskExecuter.execute(FinalizePropertiesTaskExecuter.java:46)
	at org.gradle.api.internal.tasks.execution.ResolveTaskExecutionModeExecuter.execute(ResolveTaskExecutionModeExecuter.java:51)
	at org.gradle.api.internal.tasks.execution.SkipTaskWithNoActionsExecuter.execute(SkipTaskWithNoActionsExecuter.java:57)
	at org.gradle.api.internal.tasks.execution.SkipOnlyIfTaskExecuter.execute(SkipOnlyIfTaskExecuter.java:74)
	at org.gradle.api.internal.tasks.execution.CatchExceptionTaskExecuter.execute(CatchExceptionTaskExecuter.java:36)
	at org.gradle.api.internal.tasks.execution.EventFiringTaskExecuter$1.executeTask(EventFiringTaskExecuter.java:77)
	at org.gradle.api.internal.tasks.execution.EventFiringTaskExecuter$1.call(EventFiringTaskExecuter.java:55)
	at org.gradle.api.internal.tasks.execution.EventFiringTaskExecuter$1.call(EventFiringTaskExecuter.java:52)
	at org.gradle.internal.operations.DefaultBuildOperationRunner$CallableBuildOperationWorker.execute(DefaultBuildOperationRunner.java:210)
	at org.gradle.internal.operations.DefaultBuildOperationRunner$CallableBuildOperationWorker.execute(DefaultBuildOperationRunner.java:205)
	at org.gradle.internal.operations.DefaultBuildOperationRunner$2.execute(DefaultBuildOperationRunner.java:67)
	at org.gradle.internal.operations.DefaultBuildOperationRunner$2.execute(DefaultBuildOperationRunner.java:60)
	at org.gradle.internal.operations.DefaultBuildOperationRunner.execute(DefaultBuildOperationRunner.java:167)
	at org.gradle.internal.operations.DefaultBuildOperationRunner.execute(DefaultBuildOperationRunner.java:60)
	at org.gradle.internal.operations.DefaultBuildOperationRunner.call(DefaultBuildOperationRunner.java:54)
	at org.gradle.api.internal.tasks.execution.EventFiringTaskExecuter.execute(EventFiringTaskExecuter.java:52)
	at org.gradle.execution.plan.LocalTaskNodeExecutor.execute(LocalTaskNodeExecutor.java:42)
	at org.gradle.execution.taskgraph.DefaultTaskExecutionGraph$InvokeNodeExecutorsAction.execute(DefaultTaskExecutionGraph.java:331)
	at org.gradle.execution.taskgraph.DefaultTaskExecutionGraph$InvokeNodeExecutorsAction.execute(DefaultTaskExecutionGraph.java:318)
	at org.gradle.execution.taskgraph.DefaultTaskExecutionGraph$BuildOperationAwareExecutionAction.lambda$execute$0(DefaultTaskExecutionGraph.java:314)
	at org.gradle.internal.operations.CurrentBuildOperationRef.with(CurrentBuildOperationRef.java:85)
	at org.gradle.execution.taskgraph.DefaultTaskExecutionGraph$BuildOperationAwareExecutionAction.execute(DefaultTaskExecutionGraph.java:314)
	at org.gradle.execution.taskgraph.DefaultTaskExecutionGraph$BuildOperationAwareExecutionAction.execute(DefaultTaskExecutionGraph.java:303)
	at org.gradle.execution.plan.DefaultPlanExecutor$ExecutorWorker.execute(DefaultPlanExecutor.java:459)
	at org.gradle.execution.plan.DefaultPlanExecutor$ExecutorWorker.run(DefaultPlanExecutor.java:376)
	at org.gradle.internal.concurrent.ExecutorPolicy$CatchAndRecordFailures.onExecute(ExecutorPolicy.java:64)
	at org.gradle.internal.concurrent.AbstractManagedExecutor$1.run(AbstractManagedExecutor.java:48)
Caused by: org.gradle.process.internal.ExecException: Process 'command '/home/tung/.gradle/jdks/eclipse_adoptium-17-amd64-linux.2/bin/java'' finished with non-zero exit value 1
	at org.gradle.process.internal.DefaultExecHandle$ExecResultImpl.assertNormalExitValue(DefaultExecHandle.java:442)
	at org.gradle.process.internal.DefaultJavaExecAction.execute(DefaultJavaExecAction.java:58)
	at org.gradle.api.tasks.JavaExec.exec(JavaExec.java:166)
	at java.base/jdk.internal.reflect.NativeMethodAccessorImpl.invoke0(Native Method)
	at java.base/jdk.internal.reflect.NativeMethodAccessorImpl.invoke(NativeMethodAccessorImpl.java:77)
	at java.base/jdk.internal.reflect.DelegatingMethodAccessorImpl.invoke(DelegatingMethodAccessorImpl.java:43)
	at org.gradle.internal.reflect.JavaMethod.invoke(JavaMethod.java:125)
	at org.gradle.api.internal.project.taskfactory.StandardTaskAction.doExecute(StandardTaskAction.java:58)
	at org.gradle.api.internal.project.taskfactory.StandardTaskAction.execute(StandardTaskAction.java:51)
	at org.gradle.api.internal.project.taskfactory.StandardTaskAction.execute(StandardTaskAction.java:29)
	at org.gradle.api.internal.tasks.execution.TaskExecution$3.run(TaskExecution.java:244)
	at org.gradle.internal.operations.DefaultBuildOperationRunner$1.execute(DefaultBuildOperationRunner.java:30)
	at org.gradle.internal.operations.DefaultBuildOperationRunner$1.execute(DefaultBuildOperationRunner.java:27)
	at org.gradle.internal.operations.DefaultBuildOperationRunner$2.execute(DefaultBuildOperationRunner.java:67)
	at org.gradle.internal.operations.DefaultBuildOperationRunner$2.execute(DefaultBuildOperationRunner.java:60)
	at org.gradle.internal.operations.DefaultBuildOperationRunner.execute(DefaultBuildOperationRunner.java:167)
	at org.gradle.internal.operations.DefaultBuildOperationRunner.execute(DefaultBuildOperationRunner.java:60)
	at org.gradle.internal.operations.DefaultBuildOperationRunner.run(DefaultBuildOperationRunner.java:48)
	at org.gradle.api.internal.tasks.execution.TaskExecution.executeAction(TaskExecution.java:229)
	at org.gradle.api.internal.tasks.execution.TaskExecution.executeActions(TaskExecution.java:212)
	at org.gradle.api.internal.tasks.execution.TaskExecution.executeWithPreviousOutputFiles(TaskExecution.java:195)
	at org.gradle.api.internal.tasks.execution.TaskExecution.execute(TaskExecution.java:162)
	at org.gradle.internal.execution.steps.ExecuteStep.executeInternal(ExecuteStep.java:105)
	at org.gradle.internal.execution.steps.ExecuteStep.access$000(ExecuteStep.java:44)
	at org.gradle.internal.execution.steps.ExecuteStep$1.call(ExecuteStep.java:59)
	at org.gradle.internal.execution.steps.ExecuteStep$1.call(ExecuteStep.java:56)
	at org.gradle.internal.operations.DefaultBuildOperationRunner$CallableBuildOperationWorker.execute(DefaultBuildOperationRunner.java:210)
	at org.gradle.internal.operations.DefaultBuildOperationRunner$CallableBuildOperationWorker.execute(DefaultBuildOperationRunner.java:205)
	at org.gradle.internal.operations.DefaultBuildOperationRunner$2.execute(DefaultBuildOperationRunner.java:67)
	at org.gradle.internal.operations.DefaultBuildOperationRunner$2.execute(DefaultBuildOperationRunner.java:60)
	at org.gradle.internal.operations.DefaultBuildOperationRunner.execute(DefaultBuildOperationRunner.java:167)
	at org.gradle.internal.operations.DefaultBuildOperationRunner.execute(DefaultBuildOperationRunner.java:60)
	at org.gradle.internal.operations.DefaultBuildOperationRunner.call(DefaultBuildOperationRunner.java:54)
	at org.gradle.internal.execution.steps.ExecuteStep.execute(ExecuteStep.java:56)
	at org.gradle.internal.execution.steps.ExecuteStep.execute(ExecuteStep.java:44)
	at org.gradle.internal.execution.steps.CancelExecutionStep.execute(CancelExecutionStep.java:42)
	at org.gradle.internal.execution.steps.TimeoutStep.executeWithoutTimeout(TimeoutStep.java:75)
	at org.gradle.internal.execution.steps.TimeoutStep.execute(TimeoutStep.java:55)
	at org.gradle.internal.execution.steps.PreCreateOutputParentsStep.execute(PreCreateOutputParentsStep.java:50)
	at org.gradle.internal.execution.steps.PreCreateOutputParentsStep.execute(PreCreateOutputParentsStep.java:28)
	at org.gradle.internal.execution.steps.RemovePreviousOutputsStep.execute(RemovePreviousOutputsStep.java:67)
	at org.gradle.internal.execution.steps.RemovePreviousOutputsStep.execute(RemovePreviousOutputsStep.java:37)
	at org.gradle.internal.execution.steps.BroadcastChangingOutputsStep.execute(BroadcastChangingOutputsStep.java:61)
	at org.gradle.internal.execution.steps.BroadcastChangingOutputsStep.execute(BroadcastChangingOutputsStep.java:26)
	at org.gradle.internal.execution.steps.CaptureOutputsAfterExecutionStep.execute(CaptureOutputsAfterExecutionStep.java:69)
	at org.gradle.internal.execution.steps.CaptureOutputsAfterExecutionStep.execute(CaptureOutputsAfterExecutionStep.java:46)
	at org.gradle.internal.execution.steps.ResolveInputChangesStep.execute(ResolveInputChangesStep.java:40)
	at org.gradle.internal.execution.steps.ResolveInputChangesStep.execute(ResolveInputChangesStep.java:29)
	at org.gradle.internal.execution.steps.BuildCacheStep.executeWithoutCache(BuildCacheStep.java:189)
	at org.gradle.internal.execution.steps.BuildCacheStep.lambda$execute$1(BuildCacheStep.java:75)
	at org.gradle.internal.Either$Right.fold(Either.java:175)
	at org.gradle.internal.execution.caching.CachingState.fold(CachingState.java:62)
	at org.gradle.internal.execution.steps.BuildCacheStep.execute(BuildCacheStep.java:73)
	at org.gradle.internal.execution.steps.BuildCacheStep.execute(BuildCacheStep.java:48)
	at org.gradle.internal.execution.steps.StoreExecutionStateStep.execute(StoreExecutionStateStep.java:46)
	at org.gradle.internal.execution.steps.StoreExecutionStateStep.execute(StoreExecutionStateStep.java:35)
	at org.gradle.internal.execution.steps.SkipUpToDateStep.executeBecause(SkipUpToDateStep.java:75)
	at org.gradle.internal.execution.steps.SkipUpToDateStep.lambda$execute$2(SkipUpToDateStep.java:53)
	at org.gradle.internal.execution.steps.SkipUpToDateStep.execute(SkipUpToDateStep.java:53)
	at org.gradle.internal.execution.steps.SkipUpToDateStep.execute(SkipUpToDateStep.java:35)
	at org.gradle.internal.execution.steps.legacy.MarkSnapshottingInputsFinishedStep.execute(MarkSnapshottingInputsFinishedStep.java:37)
	at org.gradle.internal.execution.steps.legacy.MarkSnapshottingInputsFinishedStep.execute(MarkSnapshottingInputsFinishedStep.java:27)
	at org.gradle.internal.execution.steps.ResolveIncrementalCachingStateStep.executeDelegate(ResolveIncrementalCachingStateStep.java:49)
	at org.gradle.internal.execution.steps.ResolveIncrementalCachingStateStep.executeDelegate(ResolveIncrementalCachingStateStep.java:27)
	at org.gradle.internal.execution.steps.AbstractResolveCachingStateStep.execute(AbstractResolveCachingStateStep.java:71)
	at org.gradle.internal.execution.steps.AbstractResolveCachingStateStep.execute(AbstractResolveCachingStateStep.java:39)
	at org.gradle.internal.execution.steps.ResolveChangesStep.execute(ResolveChangesStep.java:65)
	at org.gradle.internal.execution.steps.ResolveChangesStep.execute(ResolveChangesStep.java:36)
	at org.gradle.internal.execution.steps.ValidateStep.execute(ValidateStep.java:107)
	at org.gradle.internal.execution.steps.ValidateStep.execute(ValidateStep.java:56)
	at org.gradle.internal.execution.steps.AbstractCaptureStateBeforeExecutionStep.execute(AbstractCaptureStateBeforeExecutionStep.java:64)
	at org.gradle.internal.execution.steps.AbstractCaptureStateBeforeExecutionStep.execute(AbstractCaptureStateBeforeExecutionStep.java:43)
	at org.gradle.internal.execution.steps.AbstractSkipEmptyWorkStep.executeWithNonEmptySources(AbstractSkipEmptyWorkStep.java:125)
	at org.gradle.internal.execution.steps.AbstractSkipEmptyWorkStep.execute(AbstractSkipEmptyWorkStep.java:56)
	at org.gradle.internal.execution.steps.AbstractSkipEmptyWorkStep.execute(AbstractSkipEmptyWorkStep.java:36)
	at org.gradle.internal.execution.steps.legacy.MarkSnapshottingInputsStartedStep.execute(MarkSnapshottingInputsStartedStep.java:38)
	at org.gradle.internal.execution.steps.LoadPreviousExecutionStateStep.execute(LoadPreviousExecutionStateStep.java:36)
	at org.gradle.internal.execution.steps.LoadPreviousExecutionStateStep.execute(LoadPreviousExecutionStateStep.java:23)
	at org.gradle.internal.execution.steps.HandleStaleOutputsStep.execute(HandleStaleOutputsStep.java:75)
	at org.gradle.internal.execution.steps.HandleStaleOutputsStep.execute(HandleStaleOutputsStep.java:41)
	at org.gradle.internal.execution.steps.AssignMutableWorkspaceStep.lambda$execute$0(AssignMutableWorkspaceStep.java:35)
	at org.gradle.api.internal.tasks.execution.TaskExecution$4.withWorkspace(TaskExecution.java:289)
	at org.gradle.internal.execution.steps.AssignMutableWorkspaceStep.execute(AssignMutableWorkspaceStep.java:31)
	at org.gradle.internal.execution.steps.AssignMutableWorkspaceStep.execute(AssignMutableWorkspaceStep.java:22)
	at org.gradle.internal.execution.steps.ChoosePipelineStep.execute(ChoosePipelineStep.java:40)
	at org.gradle.internal.execution.steps.ChoosePipelineStep.execute(ChoosePipelineStep.java:23)
	at org.gradle.internal.execution.steps.ExecuteWorkBuildOperationFiringStep.lambda$execute$2(ExecuteWorkBuildOperationFiringStep.java:67)
	at org.gradle.internal.execution.steps.ExecuteWorkBuildOperationFiringStep.execute(ExecuteWorkBuildOperationFiringStep.java:67)
	at org.gradle.internal.execution.steps.ExecuteWorkBuildOperationFiringStep.execute(ExecuteWorkBuildOperationFiringStep.java:39)
	at org.gradle.internal.execution.steps.IdentityCacheStep.execute(IdentityCacheStep.java:46)
	at org.gradle.internal.execution.steps.IdentityCacheStep.execute(IdentityCacheStep.java:34)
	at org.gradle.internal.execution.steps.IdentifyStep.execute(IdentifyStep.java:48)
	at org.gradle.internal.execution.steps.IdentifyStep.execute(IdentifyStep.java:35)
	at org.gradle.internal.execution.impl.DefaultExecutionEngine$1.execute(DefaultExecutionEngine.java:64)
	at org.gradle.api.internal.tasks.execution.ExecuteActionsTaskExecuter.executeIfValid(ExecuteActionsTaskExecuter.java:127)
	at org.gradle.api.internal.tasks.execution.ExecuteActionsTaskExecuter.execute(ExecuteActionsTaskExecuter.java:116)
	at org.gradle.api.internal.tasks.execution.ProblemsTaskPathTrackingTaskExecuter.execute(ProblemsTaskPathTrackingTaskExecuter.java:41)
	at org.gradle.api.internal.tasks.execution.FinalizePropertiesTaskExecuter.execute(FinalizePropertiesTaskExecuter.java:46)
	at org.gradle.api.internal.tasks.execution.ResolveTaskExecutionModeExecuter.execute(ResolveTaskExecutionModeExecuter.java:51)
	at org.gradle.api.internal.tasks.execution.SkipTaskWithNoActionsExecuter.execute(SkipTaskWithNoActionsExecuter.java:57)
	at org.gradle.api.internal.tasks.execution.SkipOnlyIfTaskExecuter.execute(SkipOnlyIfTaskExecuter.java:74)
	at org.gradle.api.internal.tasks.execution.CatchExceptionTaskExecuter.execute(CatchExceptionTaskExecuter.java:36)
	at org.gradle.api.internal.tasks.execution.EventFiringTaskExecuter$1.executeTask(EventFiringTaskExecuter.java:77)
	at org.gradle.api.internal.tasks.execution.EventFiringTaskExecuter$1.call(EventFiringTaskExecuter.java:55)
	at org.gradle.api.internal.tasks.execution.EventFiringTaskExecuter$1.call(EventFiringTaskExecuter.java:52)
	at org.gradle.internal.operations.DefaultBuildOperationRunner$CallableBuildOperationWorker.execute(DefaultBuildOperationRunner.java:210)
	at org.gradle.internal.operations.DefaultBuildOperationRunner$CallableBuildOperationWorker.execute(DefaultBuildOperationRunner.java:205)
	at org.gradle.internal.operations.DefaultBuildOperationRunner$2.execute(DefaultBuildOperationRunner.java:67)
	at org.gradle.internal.operations.DefaultBuildOperationRunner$2.execute(DefaultBuildOperationRunner.java:60)
	at org.gradle.internal.operations.DefaultBuildOperationRunner.execute(DefaultBuildOperationRunner.java:167)
	at org.gradle.internal.operations.DefaultBuildOperationRunner.execute(DefaultBuildOperationRunner.java:60)
	at org.gradle.internal.operations.DefaultBuildOperationRunner.call(DefaultBuildOperationRunner.java:54)
	at org.gradle.api.internal.tasks.execution.EventFiringTaskExecuter.execute(EventFiringTaskExecuter.java:52)
	at org.gradle.execution.plan.LocalTaskNodeExecutor.execute(LocalTaskNodeExecutor.java:42)
	at org.gradle.execution.taskgraph.DefaultTaskExecutionGraph$InvokeNodeExecutorsAction.execute(DefaultTaskExecutionGraph.java:331)
	at org.gradle.execution.taskgraph.DefaultTaskExecutionGraph$InvokeNodeExecutorsAction.execute(DefaultTaskExecutionGraph.java:318)
	at org.gradle.execution.taskgraph.DefaultTaskExecutionGraph$BuildOperationAwareExecutionAction.lambda$execute$0(DefaultTaskExecutionGraph.java:314)
	at org.gradle.internal.operations.CurrentBuildOperationRef.with(CurrentBuildOperationRef.java:85)
	at org.gradle.execution.taskgraph.DefaultTaskExecutionGraph$BuildOperationAwareExecutionAction.execute(DefaultTaskExecutionGraph.java:314)
	at org.gradle.execution.taskgraph.DefaultTaskExecutionGraph$BuildOperationAwareExecutionAction.execute(DefaultTaskExecutionGraph.java:303)
	at org.gradle.execution.plan.DefaultPlanExecutor$ExecutorWorker.execute(DefaultPlanExecutor.java:459)
	at org.gradle.execution.plan.DefaultPlanExecutor$ExecutorWorker.run(DefaultPlanExecutor.java:376)
	at org.gradle.internal.concurrent.ExecutorPolicy$CatchAndRecordFailures.onExecute(ExecutorPolicy.java:64)
	at org.gradle.internal.concurrent.AbstractManagedExecutor$1.run(AbstractManagedExecutor.java:48)


Deprecated Gradle features were used in this build, making it incompatible with Gradle 9.0.

You can use '--warning-mode all' to show the individual deprecation warnings and determine if they come from your own scripts or plugins.

For more on this, please refer to https://docs.gradle.org/8.14.3/userguide/command_line_interface.html#sec:command_line_warnings in the Gradle documentation.

BUILD FAILED in 1s
5 actionable tasks: 1 executed, 4 up-to-date
